// Jest Snapshot v1, https://goo.gl/fbAQLP

exports[`GraphQL Basket query basket 1`] = `
Object {
  "basket": Object {
    "checkoutID": "basketKey",
    "items": Array [
      Object {
        "product": Object {
          "basePrice": null,
          "desc": null,
          "id": 1,
          "image": null,
          "price": null,
          "sku": null,
          "stocked": false,
          "title": "apple",
        },
        "quantity": 1,
      },
      Object {
        "product": Object {
          "basePrice": null,
          "desc": null,
          "id": 2,
          "image": null,
          "price": null,
          "sku": null,
          "stocked": false,
          "title": "orange",
        },
        "quantity": 4,
      },
    ],
  },
}
`;

exports[`GraphQL Basket throw error on faulty product id on addItemToBasket 1`] = `
Object {
  "extensions": Object {
    "code": "PRODUCT_NOT_FOUND",
  },
  "locations": Array [
    Object {
      "column": 9,
      "line": 3,
    },
  ],
  "message": "Product not found",
  "path": Array [
    "addItemToBasket",
  ],
}
`;
